
> react-kavia@0.1.0 start
> react-scripts start

Attempting to bind to HOST environment variable: 0.0.0.0
If this was unintentional, check that you haven't mistakenly set it in your shell.
Learn more here: https://cra.link/advanced-config

(node:10927) [DEP_WEBPACK_DEV_SERVER_ON_AFTER_SETUP_MIDDLEWARE] DeprecationWarning: 'onAfterSetupMiddleware' option is deprecated. Please use the 'setupMiddlewares' option.
(Use `node --trace-deprecation ...` to show where the warning was created)
(node:10927) [DEP_WEBPACK_DEV_SERVER_ON_BEFORE_SETUP_MIDDLEWARE] DeprecationWarning: 'onBeforeSetupMiddleware' option is deprecated. Please use the 'setupMiddlewares' option.
Starting the development server...

Compiled successfully!

You can now view react-kavia in the browser.

  Local:            http://localhost:3000
  On Your Network:  http://172.17.0.2:3000

Note that the development build is not optimized.
To create a production build, use npm run build.

webpack compiled successfully
Compiling...
Failed to compile.

[eslint] 
src/api/api.js
Syntax error: Identifier 'fetchPortfolio' has already been declared. (231:22) (231:22)
ERROR in ./src/api/api.js
Module build failed (from ./node_modules/babel-loader/lib/index.js):
SyntaxError: /home/kavia/workspace/code-generation/stocksmart-portfolio-manager-118386-118395/stock_portfolio_frontend/src/api/api.js: Identifier 'fetchPortfolio' has already been declared. (231:22)

  229 |  * Returns [{ symbol, quantity, buyPrice }]
  230 |  */
> 231 | export async function fetchPortfolio() {
      |                       ^
  232 |   // Use /portfolio/holdings endpoint from Kite Connect
  233 |   const response = await fetch(`${ZERODHA_API_ROOT}/portfolio/holdings`, {
  234 |     headers: getAuthHeaders(),
    at constructor (/home/kavia/workspace/code-generation/stocksmart-portfolio-manager-118386-118395/stock_portfolio_frontend/node_modules/@babel/parser/lib/index.js:360:19)
    at FlowParserMixin.raise (/home/kavia/workspace/code-generation/stocksmart-portfolio-manager-118386-118395/stock_portfolio_frontend/node_modules/@babel/parser/lib/index.js:3327:19)
    at FlowScopeHandler.checkRedeclarationInScope (/home/kavia/workspace/code-generation/stocksmart-portfolio-manager-118386-118395/stock_portfolio_frontend/node_modules/@babel/parser/lib/index.js:1555:19)
    at FlowScopeHandler.declareName (/home/kavia/workspace/code-generation/stocksmart-portfolio-manager-118386-118395/stock_portfolio_frontend/node_modules/@babel/parser/lib/index.js:1521:12)
    at FlowScopeHandler.declareName (/home/kavia/workspace/code-generation/stocksmart-portfolio-manager-118386-118395/stock_portfolio_frontend/node_modules/@babel/parser/lib/index.js:1622:11)
    at FlowParserMixin.registerFunctionStatementId (/home/kavia/workspace/code-generation/stocksmart-portfolio-manager-118386-118395/stock_portfolio_frontend/node_modules/@babel/parser/lib/index.js:13106:16)
    at FlowParserMixin.parseFunction (/home/kavia/workspace/code-generation/stocksmart-portfolio-manager-118386-118395/stock_portfolio_frontend/node_modules/@babel/parser/lib/index.js:13090:12)
    at FlowParserMixin.parseFunctionStatement (/home/kavia/workspace/code-generation/stocksmart-portfolio-manager-118386-118395/stock_portfolio_frontend/node_modules/@babel/parser/lib/index.js:12769:17)
    at FlowParserMixin.parseStatementContent (/home/kavia/workspace/code-generation/stocksmart-portfolio-manager-118386-118395/stock_portfolio_frontend/node_modules/@babel/parser/lib/index.js:12534:25)
    at FlowParserMixin.parseStatementLike (/home/kavia/workspace/code-generation/stocksmart-portfolio-manager-118386-118395/stock_portfolio_frontend/node_modules/@babel/parser/lib/index.js:12406:17)
    at FlowParserMixin.parseStatementLike (/home/kavia/workspace/code-generation/stocksmart-portfolio-manager-118386-118395/stock_portfolio_frontend/node_modules/@babel/parser/lib/index.js:5140:24)
    at FlowParserMixin.parseStatementListItem (/home/kavia/workspace/code-generation/stocksmart-portfolio-manager-118386-118395/stock_portfolio_frontend/node_modules/@babel/parser/lib/index.js:12386:17)
    at FlowParserMixin.parseExportDeclaration (/home/kavia/workspace/code-generation/stocksmart-portfolio-manager-118386-118395/stock_portfolio_frontend/node_modules/@babel/parser/lib/index.js:13566:17)
    at FlowParserMixin.parseExportDeclaration (/home/kavia/workspace/code-generation/stocksmart-portfolio-manager-118386-118395/stock_portfolio_frontend/node_modules/@babel/parser/lib/index.js:5342:20)
    at FlowParserMixin.maybeParseExportDeclaration (/home/kavia/workspace/code-generation/stocksmart-portfolio-manager-118386-118395/stock_portfolio_frontend/node_modules/@babel/parser/lib/index.js:13525:31)
    at FlowParserMixin.parseExport (/home/kavia/workspace/code-generation/stocksmart-portfolio-manager-118386-118395/stock_portfolio_frontend/node_modules/@babel/parser/lib/index.js:13450:29)
    at FlowParserMixin.parseStatementContent (/home/kavia/workspace/code-generation/stocksmart-portfolio-manager-118386-118395/stock_portfolio_frontend/node_modules/@babel/parser/lib/index.js:12519:27)
    at FlowParserMixin.parseStatementLike (/home/kavia/workspace/code-generation/stocksmart-portfolio-manager-118386-118395/stock_portfolio_frontend/node_modules/@babel/parser/lib/index.js:12406:17)
    at FlowParserMixin.parseStatementLike (/home/kavia/workspace/code-generation/stocksmart-portfolio-manager-118386-118395/stock_portfolio_frontend/node_modules/@babel/parser/lib/index.js:5140:24)
    at FlowParserMixin.parseModuleItem (/home/kavia/workspace/code-generation/stocksmart-portfolio-manager-118386-118395/stock_portfolio_frontend/node_modules/@babel/parser/lib/index.js:12383:17)
    at FlowParserMixin.parseBlockOrModuleBlockBody (/home/kavia/workspace/code-generation/stocksmart-portfolio-manager-118386-118395/stock_portfolio_frontend/node_modules/@babel/parser/lib/index.js:12960:36)
    at FlowParserMixin.parseBlockBody (/home/kavia/workspace/code-generation/stocksmart-portfolio-manager-118386-118395/stock_portfolio_frontend/node_modules/@babel/parser/lib/index.js:12953:10)
    at FlowParserMixin.parseProgram (/home/kavia/workspace/code-generation/stocksmart-portfolio-manager-118386-118395/stock_portfolio_frontend/node_modules/@babel/parser/lib/index.js:12280:10)
    at FlowParserMixin.parseTopLevel (/home/kavia/workspace/code-generation/stocksmart-portfolio-manager-118386-118395/stock_portfolio_frontend/node_modules/@babel/parser/lib/index.js:12270:25)
    at FlowParserMixin.parseTopLevel (/home/kavia/workspace/code-generation/stocksmart-portfolio-manager-118386-118395/stock_portfolio_frontend/node_modules/@babel/parser/lib/index.js:5909:28)
    at FlowParserMixin.parse (/home/kavia/workspace/code-generation/stocksmart-portfolio-manager-118386-118395/stock_portfolio_frontend/node_modules/@babel/parser/lib/index.js:14120:10)
    at parse (/home/kavia/workspace/code-generation/stocksmart-portfolio-manager-118386-118395/stock_portfolio_frontend/node_modules/@babel/parser/lib/index.js:14154:38)
    at parser (/home/kavia/workspace/code-generation/stocksmart-portfolio-manager-118386-118395/stock_portfolio_frontend/node_modules/@babel/core/lib/parser/index.js:41:34)
    at parser.next (<anonymous>)
    at normalizeFile (/home/kavia/workspace/code-generation/stocksmart-portfolio-manager-118386-118395/stock_portfolio_frontend/node_modules/@babel/core/lib/transformation/normalize-file.js:64:37)
    at normalizeFile.next (<anonymous>)
    at run (/home/kavia/workspace/code-generation/stocksmart-portfolio-manager-118386-118395/stock_portfolio_frontend/node_modules/@babel/core/lib/transformation/index.js:22:50)
    at run.next (<anonymous>)
    at transform (/home/kavia/workspace/code-generation/stocksmart-portfolio-manager-118386-118395/stock_portfolio_frontend/node_modules/@babel/core/lib/transform.js:22:33)
    at transform.next (<anonymous>)
    at step (/home/kavia/workspace/code-generation/stocksmart-portfolio-manager-118386-118395/stock_portfolio_frontend/node_modules/gensync/index.js:261:32)
    at /home/kavia/workspace/code-generation/stocksmart-portfolio-manager-118386-118395/stock_portfolio_frontend/node_modules/gensync/index.js:273:13
    at async.call.result.err.err (/home/kavia/workspace/code-generation/stocksmart-portfolio-manager-118386-118395/stock_portfolio_frontend/node_modules/gensync/index.js:223:11)
    at /home/kavia/workspace/code-generation/stocksmart-portfolio-manager-118386-118395/stock_portfolio_frontend/node_modules/gensync/index.js:189:28
    at /home/kavia/workspace/code-generation/stocksmart-portfolio-manager-118386-118395/stock_portfolio_frontend/node_modules/@babel/core/lib/gensync-utils/async.js:67:7
    at /home/kavia/workspace/code-generation/stocksmart-portfolio-manager-118386-118395/stock_portfolio_frontend/node_modules/gensync/index.js:113:33
    at step (/home/kavia/workspace/code-generation/stocksmart-portfolio-manager-118386-118395/stock_portfolio_frontend/node_modules/gensync/index.js:287:14)
    at /home/kavia/workspace/code-generation/stocksmart-portfolio-manager-118386-118395/stock_portfolio_frontend/node_modules/gensync/index.js:273:13
    at async.call.result.err.err (/home/kavia/workspace/code-generation/stocksmart-portfolio-manager-118386-118395/stock_portfolio_frontend/node_modules/gensync/index.js:223:11)

ERROR in [eslint] 
src/api/api.js
  Line 231:22:  Parsing error: Identifier 'fetchPortfolio' has already been declared. (231:22)

webpack compiled with 2 errors
Compiling...
Failed to compile.

[eslint] 
src/api/api.js
Syntax error: Identifier 'fetchPortfolio' has already been declared. (231:22) (231:22)
ERROR in ./src/api/api.js
Module build failed (from ./node_modules/babel-loader/lib/index.js):
SyntaxError: /home/kavia/workspace/code-generation/stocksmart-portfolio-manager-118386-118395/stock_portfolio_frontend/src/api/api.js: Identifier 'fetchPortfolio' has already been declared. (231:22)

  229 |  * Returns [{ symbol, quantity, buyPrice }]
  230 |  */
> 231 | export async function fetchPortfolio() {
      |                       ^
  232 |   // Use /portfolio/holdings endpoint from Kite Connect
  233 |   const response = await fetch(`${ZERODHA_API_ROOT}/portfolio/holdings`, {
  234 |     headers: getAuthHeaders(),
    at constructor (/home/kavia/workspace/code-generation/stocksmart-portfolio-manager-118386-118395/stock_portfolio_frontend/node_modules/@babel/parser/lib/index.js:360:19)
    at FlowParserMixin.raise (/home/kavia/workspace/code-generation/stocksmart-portfolio-manager-118386-118395/stock_portfolio_frontend/node_modules/@babel/parser/lib/index.js:3327:19)
    at FlowScopeHandler.checkRedeclarationInScope (/home/kavia/workspace/code-generation/stocksmart-portfolio-manager-118386-118395/stock_portfolio_frontend/node_modules/@babel/parser/lib/index.js:1555:19)
    at FlowScopeHandler.declareName (/home/kavia/workspace/code-generation/stocksmart-portfolio-manager-118386-118395/stock_portfolio_frontend/node_modules/@babel/parser/lib/index.js:1521:12)
    at FlowScopeHandler.declareName (/home/kavia/workspace/code-generation/stocksmart-portfolio-manager-118386-118395/stock_portfolio_frontend/node_modules/@babel/parser/lib/index.js:1622:11)
    at FlowParserMixin.registerFunctionStatementId (/home/kavia/workspace/code-generation/stocksmart-portfolio-manager-118386-118395/stock_portfolio_frontend/node_modules/@babel/parser/lib/index.js:13106:16)
    at FlowParserMixin.parseFunction (/home/kavia/workspace/code-generation/stocksmart-portfolio-manager-118386-118395/stock_portfolio_frontend/node_modules/@babel/parser/lib/index.js:13090:12)
    at FlowParserMixin.parseFunctionStatement (/home/kavia/workspace/code-generation/stocksmart-portfolio-manager-118386-118395/stock_portfolio_frontend/node_modules/@babel/parser/lib/index.js:12769:17)
    at FlowParserMixin.parseStatementContent (/home/kavia/workspace/code-generation/stocksmart-portfolio-manager-118386-118395/stock_portfolio_frontend/node_modules/@babel/parser/lib/index.js:12534:25)
    at FlowParserMixin.parseStatementLike (/home/kavia/workspace/code-generation/stocksmart-portfolio-manager-118386-118395/stock_portfolio_frontend/node_modules/@babel/parser/lib/index.js:12406:17)
    at FlowParserMixin.parseStatementLike (/home/kavia/workspace/code-generation/stocksmart-portfolio-manager-118386-118395/stock_portfolio_frontend/node_modules/@babel/parser/lib/index.js:5140:24)
    at FlowParserMixin.parseStatementListItem (/home/kavia/workspace/code-generation/stocksmart-portfolio-manager-118386-118395/stock_portfolio_frontend/node_modules/@babel/parser/lib/index.js:12386:17)
    at FlowParserMixin.parseExportDeclaration (/home/kavia/workspace/code-generation/stocksmart-portfolio-manager-118386-118395/stock_portfolio_frontend/node_modules/@babel/parser/lib/index.js:13566:17)
    at FlowParserMixin.parseExportDeclaration (/home/kavia/workspace/code-generation/stocksmart-portfolio-manager-118386-118395/stock_portfolio_frontend/node_modules/@babel/parser/lib/index.js:5342:20)
    at FlowParserMixin.maybeParseExportDeclaration (/home/kavia/workspace/code-generation/stocksmart-portfolio-manager-118386-118395/stock_portfolio_frontend/node_modules/@babel/parser/lib/index.js:13525:31)
    at FlowParserMixin.parseExport (/home/kavia/workspace/code-generation/stocksmart-portfolio-manager-118386-118395/stock_portfolio_frontend/node_modules/@babel/parser/lib/index.js:13450:29)
    at FlowParserMixin.parseStatementContent (/home/kavia/workspace/code-generation/stocksmart-portfolio-manager-118386-118395/stock_portfolio_frontend/node_modules/@babel/parser/lib/index.js:12519:27)
    at FlowParserMixin.parseStatementLike (/home/kavia/workspace/code-generation/stocksmart-portfolio-manager-118386-118395/stock_portfolio_frontend/node_modules/@babel/parser/lib/index.js:12406:17)
    at FlowParserMixin.parseStatementLike (/home/kavia/workspace/code-generation/stocksmart-portfolio-manager-118386-118395/stock_portfolio_frontend/node_modules/@babel/parser/lib/index.js:5140:24)
    at FlowParserMixin.parseModuleItem (/home/kavia/workspace/code-generation/stocksmart-portfolio-manager-118386-118395/stock_portfolio_frontend/node_modules/@babel/parser/lib/index.js:12383:17)
    at FlowParserMixin.parseBlockOrModuleBlockBody (/home/kavia/workspace/code-generation/stocksmart-portfolio-manager-118386-118395/stock_portfolio_frontend/node_modules/@babel/parser/lib/index.js:12960:36)
    at FlowParserMixin.parseBlockBody (/home/kavia/workspace/code-generation/stocksmart-portfolio-manager-118386-118395/stock_portfolio_frontend/node_modules/@babel/parser/lib/index.js:12953:10)
    at FlowParserMixin.parseProgram (/home/kavia/workspace/code-generation/stocksmart-portfolio-manager-118386-118395/stock_portfolio_frontend/node_modules/@babel/parser/lib/index.js:12280:10)
    at FlowParserMixin.parseTopLevel (/home/kavia/workspace/code-generation/stocksmart-portfolio-manager-118386-118395/stock_portfolio_frontend/node_modules/@babel/parser/lib/index.js:12270:25)
    at FlowParserMixin.parseTopLevel (/home/kavia/workspace/code-generation/stocksmart-portfolio-manager-118386-118395/stock_portfolio_frontend/node_modules/@babel/parser/lib/index.js:5909:28)
    at FlowParserMixin.parse (/home/kavia/workspace/code-generation/stocksmart-portfolio-manager-118386-118395/stock_portfolio_frontend/node_modules/@babel/parser/lib/index.js:14120:10)
    at parse (/home/kavia/workspace/code-generation/stocksmart-portfolio-manager-118386-118395/stock_portfolio_frontend/node_modules/@babel/parser/lib/index.js:14154:38)
    at parser (/home/kavia/workspace/code-generation/stocksmart-portfolio-manager-118386-118395/stock_portfolio_frontend/node_modules/@babel/core/lib/parser/index.js:41:34)
    at parser.next (<anonymous>)
    at normalizeFile (/home/kavia/workspace/code-generation/stocksmart-portfolio-manager-118386-118395/stock_portfolio_frontend/node_modules/@babel/core/lib/transformation/normalize-file.js:64:37)
    at normalizeFile.next (<anonymous>)
    at run (/home/kavia/workspace/code-generation/stocksmart-portfolio-manager-118386-118395/stock_portfolio_frontend/node_modules/@babel/core/lib/transformation/index.js:22:50)
    at run.next (<anonymous>)
    at transform (/home/kavia/workspace/code-generation/stocksmart-portfolio-manager-118386-118395/stock_portfolio_frontend/node_modules/@babel/core/lib/transform.js:22:33)
    at transform.next (<anonymous>)
    at step (/home/kavia/workspace/code-generation/stocksmart-portfolio-manager-118386-118395/stock_portfolio_frontend/node_modules/gensync/index.js:261:32)
    at /home/kavia/workspace/code-generation/stocksmart-portfolio-manager-118386-118395/stock_portfolio_frontend/node_modules/gensync/index.js:273:13
    at async.call.result.err.err (/home/kavia/workspace/code-generation/stocksmart-portfolio-manager-118386-118395/stock_portfolio_frontend/node_modules/gensync/index.js:223:11)

ERROR in [eslint] 
src/api/api.js
  Line 231:22:  Parsing error: Identifier 'fetchPortfolio' has already been declared. (231:22)

webpack compiled with 2 errors
Compiling...
Failed to compile.

[eslint] 
src/api/api.js
Syntax error: Identifier 'fetchLivePrices' has already been declared. (221:22) (221:22)
ERROR in ./src/api/api.js
Module build failed (from ./node_modules/babel-loader/lib/index.js):
SyntaxError: /home/kavia/workspace/code-generation/stocksmart-portfolio-manager-118386-118395/stock_portfolio_frontend/src/api/api.js: Identifier 'fetchLivePrices' has already been declared. (221:22)

  219 |  * @returns {Promise<object>} prices mapping: { "TCS": 3345.7, ... }
  220 |  */
> 221 | export async function fetchLivePrices(symbols) {
      |                       ^
  222 |   if (!symbols || !symbols.length) return {};
  223 |   // Use /quote/ltp endpoint for HTTP poll
  224 |   const url = `${ZERODHA_API_ROOT}/quote/ltp?i=${symbols.map(s => 'NSE:' + s).join('&i=')}`;
    at constructor (/home/kavia/workspace/code-generation/stocksmart-portfolio-manager-118386-118395/stock_portfolio_frontend/node_modules/@babel/parser/lib/index.js:360:19)
    at FlowParserMixin.raise (/home/kavia/workspace/code-generation/stocksmart-portfolio-manager-118386-118395/stock_portfolio_frontend/node_modules/@babel/parser/lib/index.js:3327:19)
    at FlowScopeHandler.checkRedeclarationInScope (/home/kavia/workspace/code-generation/stocksmart-portfolio-manager-118386-118395/stock_portfolio_frontend/node_modules/@babel/parser/lib/index.js:1555:19)
    at FlowScopeHandler.declareName (/home/kavia/workspace/code-generation/stocksmart-portfolio-manager-118386-118395/stock_portfolio_frontend/node_modules/@babel/parser/lib/index.js:1521:12)
    at FlowScopeHandler.declareName (/home/kavia/workspace/code-generation/stocksmart-portfolio-manager-118386-118395/stock_portfolio_frontend/node_modules/@babel/parser/lib/index.js:1622:11)
    at FlowParserMixin.registerFunctionStatementId (/home/kavia/workspace/code-generation/stocksmart-portfolio-manager-118386-118395/stock_portfolio_frontend/node_modules/@babel/parser/lib/index.js:13106:16)
    at FlowParserMixin.parseFunction (/home/kavia/workspace/code-generation/stocksmart-portfolio-manager-118386-118395/stock_portfolio_frontend/node_modules/@babel/parser/lib/index.js:13090:12)
    at FlowParserMixin.parseFunctionStatement (/home/kavia/workspace/code-generation/stocksmart-portfolio-manager-118386-118395/stock_portfolio_frontend/node_modules/@babel/parser/lib/index.js:12769:17)
    at FlowParserMixin.parseStatementContent (/home/kavia/workspace/code-generation/stocksmart-portfolio-manager-118386-118395/stock_portfolio_frontend/node_modules/@babel/parser/lib/index.js:12534:25)
    at FlowParserMixin.parseStatementLike (/home/kavia/workspace/code-generation/stocksmart-portfolio-manager-118386-118395/stock_portfolio_frontend/node_modules/@babel/parser/lib/index.js:12406:17)
    at FlowParserMixin.parseStatementLike (/home/kavia/workspace/code-generation/stocksmart-portfolio-manager-118386-118395/stock_portfolio_frontend/node_modules/@babel/parser/lib/index.js:5140:24)
    at FlowParserMixin.parseStatementListItem (/home/kavia/workspace/code-generation/stocksmart-portfolio-manager-118386-118395/stock_portfolio_frontend/node_modules/@babel/parser/lib/index.js:12386:17)
    at FlowParserMixin.parseExportDeclaration (/home/kavia/workspace/code-generation/stocksmart-portfolio-manager-118386-118395/stock_portfolio_frontend/node_modules/@babel/parser/lib/index.js:13566:17)
    at FlowParserMixin.parseExportDeclaration (/home/kavia/workspace/code-generation/stocksmart-portfolio-manager-118386-118395/stock_portfolio_frontend/node_modules/@babel/parser/lib/index.js:5342:20)
    at FlowParserMixin.maybeParseExportDeclaration (/home/kavia/workspace/code-generation/stocksmart-portfolio-manager-118386-118395/stock_portfolio_frontend/node_modules/@babel/parser/lib/index.js:13525:31)
    at FlowParserMixin.parseExport (/home/kavia/workspace/code-generation/stocksmart-portfolio-manager-118386-118395/stock_portfolio_frontend/node_modules/@babel/parser/lib/index.js:13450:29)
    at FlowParserMixin.parseStatementContent (/home/kavia/workspace/code-generation/stocksmart-portfolio-manager-118386-118395/stock_portfolio_frontend/node_modules/@babel/parser/lib/index.js:12519:27)
    at FlowParserMixin.parseStatementLike (/home/kavia/workspace/code-generation/stocksmart-portfolio-manager-118386-118395/stock_portfolio_frontend/node_modules/@babel/parser/lib/index.js:12406:17)
    at FlowParserMixin.parseStatementLike (/home/kavia/workspace/code-generation/stocksmart-portfolio-manager-118386-118395/stock_portfolio_frontend/node_modules/@babel/parser/lib/index.js:5140:24)
    at FlowParserMixin.parseModuleItem (/home/kavia/workspace/code-generation/stocksmart-portfolio-manager-118386-118395/stock_portfolio_frontend/node_modules/@babel/parser/lib/index.js:12383:17)
    at FlowParserMixin.parseBlockOrModuleBlockBody (/home/kavia/workspace/code-generation/stocksmart-portfolio-manager-118386-118395/stock_portfolio_frontend/node_modules/@babel/parser/lib/index.js:12960:36)
    at FlowParserMixin.parseBlockBody (/home/kavia/workspace/code-generation/stocksmart-portfolio-manager-118386-118395/stock_portfolio_frontend/node_modules/@babel/parser/lib/index.js:12953:10)
    at FlowParserMixin.parseProgram (/home/kavia/workspace/code-generation/stocksmart-portfolio-manager-118386-118395/stock_portfolio_frontend/node_modules/@babel/parser/lib/index.js:12280:10)
    at FlowParserMixin.parseTopLevel (/home/kavia/workspace/code-generation/stocksmart-portfolio-manager-118386-118395/stock_portfolio_frontend/node_modules/@babel/parser/lib/index.js:12270:25)
    at FlowParserMixin.parseTopLevel (/home/kavia/workspace/code-generation/stocksmart-portfolio-manager-118386-118395/stock_portfolio_frontend/node_modules/@babel/parser/lib/index.js:5909:28)
    at FlowParserMixin.parse (/home/kavia/workspace/code-generation/stocksmart-portfolio-manager-118386-118395/stock_portfolio_frontend/node_modules/@babel/parser/lib/index.js:14120:10)
    at parse (/home/kavia/workspace/code-generation/stocksmart-portfolio-manager-118386-118395/stock_portfolio_frontend/node_modules/@babel/parser/lib/index.js:14154:38)
    at parser (/home/kavia/workspace/code-generation/stocksmart-portfolio-manager-118386-118395/stock_portfolio_frontend/node_modules/@babel/core/lib/parser/index.js:41:34)
    at parser.next (<anonymous>)
    at normalizeFile (/home/kavia/workspace/code-generation/stocksmart-portfolio-manager-118386-118395/stock_portfolio_frontend/node_modules/@babel/core/lib/transformation/normalize-file.js:64:37)
    at normalizeFile.next (<anonymous>)
    at run (/home/kavia/workspace/code-generation/stocksmart-portfolio-manager-118386-118395/stock_portfolio_frontend/node_modules/@babel/core/lib/transformation/index.js:22:50)
    at run.next (<anonymous>)
    at transform (/home/kavia/workspace/code-generation/stocksmart-portfolio-manager-118386-118395/stock_portfolio_frontend/node_modules/@babel/core/lib/transform.js:22:33)
    at transform.next (<anonymous>)
    at step (/home/kavia/workspace/code-generation/stocksmart-portfolio-manager-118386-118395/stock_portfolio_frontend/node_modules/gensync/index.js:261:32)
    at /home/kavia/workspace/code-generation/stocksmart-portfolio-manager-118386-118395/stock_portfolio_frontend/node_modules/gensync/index.js:273:13
    at async.call.result.err.err (/home/kavia/workspace/code-generation/stocksmart-portfolio-manager-118386-118395/stock_portfolio_frontend/node_modules/gensync/index.js:223:11)

ERROR in [eslint] 
src/api/api.js
  Line 221:22:  Parsing error: Identifier 'fetchLivePrices' has already been declared. (221:22)

webpack compiled with 2 errors
Compiling...
Failed to compile.

[eslint] 
src/api/api.js
Syntax error: Identifier 'subscribeToLivePrices' has already been declared. (224:16) (224:16)
ERROR in ./src/api/api.js
Module build failed (from ./node_modules/babel-loader/lib/index.js):
SyntaxError: /home/kavia/workspace/code-generation/stocksmart-portfolio-manager-118386-118395/stock_portfolio_frontend/src/api/api.js: Identifier 'subscribeToLivePrices' has already been declared. (224:16)

  222 |  * @returns {function} unsubscribe
  223 |  */
> 224 | export function subscribeToLivePrices(symbols, onUpdate) {
      |                 ^
  225 |   // Prepare tokens for each symbol using instrument-token mapping
  226 |   // Instrument-token mapping should be retrieved from Zerodha instrument dump (typically static for NSE stocks)
  227 |   // For brevity, this code assumes a mapping object is available.
    at constructor (/home/kavia/workspace/code-generation/stocksmart-portfolio-manager-118386-118395/stock_portfolio_frontend/node_modules/@babel/parser/lib/index.js:360:19)
    at FlowParserMixin.raise (/home/kavia/workspace/code-generation/stocksmart-portfolio-manager-118386-118395/stock_portfolio_frontend/node_modules/@babel/parser/lib/index.js:3327:19)
    at FlowScopeHandler.checkRedeclarationInScope (/home/kavia/workspace/code-generation/stocksmart-portfolio-manager-118386-118395/stock_portfolio_frontend/node_modules/@babel/parser/lib/index.js:1555:19)
    at FlowScopeHandler.declareName (/home/kavia/workspace/code-generation/stocksmart-portfolio-manager-118386-118395/stock_portfolio_frontend/node_modules/@babel/parser/lib/index.js:1521:12)
    at FlowScopeHandler.declareName (/home/kavia/workspace/code-generation/stocksmart-portfolio-manager-118386-118395/stock_portfolio_frontend/node_modules/@babel/parser/lib/index.js:1622:11)
    at FlowParserMixin.registerFunctionStatementId (/home/kavia/workspace/code-generation/stocksmart-portfolio-manager-118386-118395/stock_portfolio_frontend/node_modules/@babel/parser/lib/index.js:13106:16)
    at FlowParserMixin.parseFunction (/home/kavia/workspace/code-generation/stocksmart-portfolio-manager-118386-118395/stock_portfolio_frontend/node_modules/@babel/parser/lib/index.js:13090:12)
    at FlowParserMixin.parseFunctionStatement (/home/kavia/workspace/code-generation/stocksmart-portfolio-manager-118386-118395/stock_portfolio_frontend/node_modules/@babel/parser/lib/index.js:12769:17)
    at FlowParserMixin.parseStatementContent (/home/kavia/workspace/code-generation/stocksmart-portfolio-manager-118386-118395/stock_portfolio_frontend/node_modules/@babel/parser/lib/index.js:12430:21)
    at FlowParserMixin.parseStatementLike (/home/kavia/workspace/code-generation/stocksmart-portfolio-manager-118386-118395/stock_portfolio_frontend/node_modules/@babel/parser/lib/index.js:12406:17)
    at FlowParserMixin.parseStatementLike (/home/kavia/workspace/code-generation/stocksmart-portfolio-manager-118386-118395/stock_portfolio_frontend/node_modules/@babel/parser/lib/index.js:5140:24)
    at FlowParserMixin.parseStatementListItem (/home/kavia/workspace/code-generation/stocksmart-portfolio-manager-118386-118395/stock_portfolio_frontend/node_modules/@babel/parser/lib/index.js:12386:17)
    at FlowParserMixin.parseExportDeclaration (/home/kavia/workspace/code-generation/stocksmart-portfolio-manager-118386-118395/stock_portfolio_frontend/node_modules/@babel/parser/lib/index.js:13566:17)
    at FlowParserMixin.parseExportDeclaration (/home/kavia/workspace/code-generation/stocksmart-portfolio-manager-118386-118395/stock_portfolio_frontend/node_modules/@babel/parser/lib/index.js:5342:20)
    at FlowParserMixin.maybeParseExportDeclaration (/home/kavia/workspace/code-generation/stocksmart-portfolio-manager-118386-118395/stock_portfolio_frontend/node_modules/@babel/parser/lib/index.js:13525:31)
    at FlowParserMixin.parseExport (/home/kavia/workspace/code-generation/stocksmart-portfolio-manager-118386-118395/stock_portfolio_frontend/node_modules/@babel/parser/lib/index.js:13450:29)
    at FlowParserMixin.parseStatementContent (/home/kavia/workspace/code-generation/stocksmart-portfolio-manager-118386-118395/stock_portfolio_frontend/node_modules/@babel/parser/lib/index.js:12519:27)
    at FlowParserMixin.parseStatementLike (/home/kavia/workspace/code-generation/stocksmart-portfolio-manager-118386-118395/stock_portfolio_frontend/node_modules/@babel/parser/lib/index.js:12406:17)
    at FlowParserMixin.parseStatementLike (/home/kavia/workspace/code-generation/stocksmart-portfolio-manager-118386-118395/stock_portfolio_frontend/node_modules/@babel/parser/lib/index.js:5140:24)
    at FlowParserMixin.parseModuleItem (/home/kavia/workspace/code-generation/stocksmart-portfolio-manager-118386-118395/stock_portfolio_frontend/node_modules/@babel/parser/lib/index.js:12383:17)
    at FlowParserMixin.parseBlockOrModuleBlockBody (/home/kavia/workspace/code-generation/stocksmart-portfolio-manager-118386-118395/stock_portfolio_frontend/node_modules/@babel/parser/lib/index.js:12960:36)
    at FlowParserMixin.parseBlockBody (/home/kavia/workspace/code-generation/stocksmart-portfolio-manager-118386-118395/stock_portfolio_frontend/node_modules/@babel/parser/lib/index.js:12953:10)
    at FlowParserMixin.parseProgram (/home/kavia/workspace/code-generation/stocksmart-portfolio-manager-118386-118395/stock_portfolio_frontend/node_modules/@babel/parser/lib/index.js:12280:10)
    at FlowParserMixin.parseTopLevel (/home/kavia/workspace/code-generation/stocksmart-portfolio-manager-118386-118395/stock_portfolio_frontend/node_modules/@babel/parser/lib/index.js:12270:25)
    at FlowParserMixin.parseTopLevel (/home/kavia/workspace/code-generation/stocksmart-portfolio-manager-118386-118395/stock_portfolio_frontend/node_modules/@babel/parser/lib/index.js:5909:28)
    at FlowParserMixin.parse (/home/kavia/workspace/code-generation/stocksmart-portfolio-manager-118386-118395/stock_portfolio_frontend/node_modules/@babel/parser/lib/index.js:14120:10)
    at parse (/home/kavia/workspace/code-generation/stocksmart-portfolio-manager-118386-118395/stock_portfolio_frontend/node_modules/@babel/parser/lib/index.js:14154:38)
    at parser (/home/kavia/workspace/code-generation/stocksmart-portfolio-manager-118386-118395/stock_portfolio_frontend/node_modules/@babel/core/lib/parser/index.js:41:34)
    at parser.next (<anonymous>)
    at normalizeFile (/home/kavia/workspace/code-generation/stocksmart-portfolio-manager-118386-118395/stock_portfolio_frontend/node_modules/@babel/core/lib/transformation/normalize-file.js:64:37)
    at normalizeFile.next (<anonymous>)
    at run (/home/kavia/workspace/code-generation/stocksmart-portfolio-manager-118386-118395/stock_portfolio_frontend/node_modules/@babel/core/lib/transformation/index.js:22:50)
    at run.next (<anonymous>)
    at transform (/home/kavia/workspace/code-generation/stocksmart-portfolio-manager-118386-118395/stock_portfolio_frontend/node_modules/@babel/core/lib/transform.js:22:33)
    at transform.next (<anonymous>)
    at step (/home/kavia/workspace/code-generation/stocksmart-portfolio-manager-118386-118395/stock_portfolio_frontend/node_modules/gensync/index.js:261:32)
    at /home/kavia/workspace/code-generation/stocksmart-portfolio-manager-118386-118395/stock_portfolio_frontend/node_modules/gensync/index.js:273:13
    at async.call.result.err.err (/home/kavia/workspace/code-generation/stocksmart-portfolio-manager-118386-118395/stock_portfolio_frontend/node_modules/gensync/index.js:223:11)

ERROR in [eslint] 
src/api/api.js
  Line 224:16:  Parsing error: Identifier 'subscribeToLivePrices' has already been declared. (224:16)

webpack compiled with 2 errors
Compiling...
Compiled successfully!
webpack compiled successfully
